// Jest Snapshot v1, https://goo.gl/fbAQLP

exports[`AppHeader: Snapshot 1`] = `
<div
  className="basket-container flex items-center"
  data-testid="basket-container"
>
  <span
    className="basket-count-badge"
    data-testid="basket-count"
  >
    1
  </span>
  <svg
    fill="none"
    height="1em"
    stroke="currentColor"
    strokeWidth="0"
    style={
      Object {
        "color": undefined,
      }
    }
    viewBox="0 0 24 24"
    width="1em"
    xmlns="http://www.w3.org/2000/svg"
  >
    <path
      d="M16 11V7a4 4 0 00-8 0v4M5 9h14l1 12H4L5 9z"
      strokeLinecap="round"
      strokeLinejoin="round"
      strokeWidth="2"
    />
  </svg>
</div>
`;
