// Jest Snapshot v1, https://goo.gl/fbAQLP

exports[`AppInput: Snapshot 1`] = `
<div
  className="relative w-full"
>
  <input
    aria-label="input"
    className="appearance-none block pl-3 pr-10 py-2  w-full z-20 text-base text-gray-900 bg-gray-50 rounded-lg  border border-gray-300 focus:ring-blue-500 focus:border-blue-500 dark:bg-gray-700 dark:border-gray-600 dark:placeholder-gray-400 dark:text-white dark:focus:border-blue-500"
    id="search"
    onChange={[Function]}
    type="text"
  />
</div>
`;
